{
  "type": "object",
  "properties": {
    "results": {
      "oneOf": [
        {
          "type": "array",
          "items": {
            "$ref": "#/definitions/QueryResult"
          }
        },
        {
          "type": "null"
        }
      ],
      "title": "results"
    },
    "matches": {
      "oneOf": [
        {
          "type": "array",
          "items": {
            "$ref": "#/definitions/ScoredColumn"
          }
        },
        {
          "type": "null"
        }
      ],
      "title": "matches"
    },
    "namespace": {
      "oneOf": [
        {
          "type": "string"
        },
        {
          "type": "null"
        }
      ],
      "title": "namespace"
    },
    "usage": {
      "oneOf": [
        {
          "$ref": "#/definitions/Usage"
        },
        {
          "type": "null"
        }
      ],
      "title": "usage"
    }
  },
  "additionalProperties": false,
  "definitions": {
    "MetadataValue": {
      "anyOf": [
        {
          "type": "number"
        },
        {
          "type": "string"
        },
        {
          "type": "boolean"
        }
      ]
    },
    "Metadata": {
      "anyOf": [
        {
          "type": "object",
          "additionalProperties": {
            "$ref": "#/definitions/MetadataValue"
          }
        },
        {
          "type": "object",
          "additionalProperties": {
            "type": [
              "string",
              "number",
              "boolean",
              "object",
              "array",
              "null"
            ]
          }
        }
      ]
    },
    "IndexedData": {
      "type": "object",
      "properties": {
        "indices": {
          "type": "array",
          "items": {
            "type": "integer",
            "minimum": 0
          },
          "title": "indices"
        },
        "values": {
          "type": "array",
          "items": {
            "type": "number"
          },
          "title": "values"
        }
      },
      "required": [
        "indices",
        "values"
      ],
      "additionalProperties": false
    },
    "ScoredColumn": {
      "type": "object",
      "properties": {
        "id": {
          "type": "string",
          "title": "id"
        },
        "score": {
          "oneOf": [
            {
              "type": "number"
            },
            {
              "type": "null"
            }
          ],
          "title": "score"
        },
        "values": {
          "oneOf": [
            {
              "type": "array",
              "items": {
                "type": "number"
              }
            },
            {
              "type": "null"
            }
          ],
          "title": "values"
        },
        "metadata": {
          "oneOf": [
            {
              "$ref": "#/definitions/Metadata"
            },
            {
              "type": "null"
            }
          ],
          "title": "metadata"
        },
        "indexedData": {
          "oneOf": [
            {
              "$ref": "#/definitions/IndexedData"
            },
            {
              "type": "null"
            }
          ],
          "title": "indexedData"
        }
      },
      "required": [
        "id"
      ],
      "additionalProperties": false
    },
    "QueryResult": {
      "type": "object",
      "properties": {
        "matches": {
          "oneOf": [
            {
              "type": "array",
              "items": {
                "$ref": "#/definitions/ScoredColumn"
              }
            },
            {
              "type": "null"
            }
          ],
          "title": "matches"
        },
        "namespace": {
          "oneOf": [
            {
              "type": "string"
            },
            {
              "type": "null"
            }
          ],
          "title": "namespace"
        }
      },
      "additionalProperties": false
    },
    "Usage": {
      "type": "object",
      "properties": {
        "units": {
          "oneOf": [
            {
              "type": "integer",
              "minimum": 0
            },
            {
              "type": "null"
            }
          ],
          "title": "units"
        }
      },
      "additionalProperties": false
    }
  }
}