{
  "type": "object",
  "properties": {
    "namespaces": {
      "oneOf": [
        {
          "type": "object",
          "additionalProperties": {
            "$ref": "#/definitions/NamespaceSummary"
          }
        },
        {
          "type": "null"
        }
      ],
      "title": "namespaces"
    },
    "dimension": {
      "oneOf": [
        {
          "type": "integer",
          "minimum": 0
        },
        {
          "type": "null"
        }
      ],
      "title": "dimension"
    },
    "fullness": {
      "oneOf": [
        {
          "type": "number"
        },
        {
          "type": "null"
        }
      ],
      "title": "fullness"
    },
    "totalCount": {
      "oneOf": [
        {
          "type": "integer",
          "minimum": 0
        },
        {
          "type": "null"
        }
      ],
      "title": "totalCount"
    }
  },
  "additionalProperties": false,
  "definitions": {
    "NamespaceSummary": {
      "type": "object",
      "properties": {
        "count": {
          "oneOf": [
            {
              "type": "integer",
              "minimum": 0
            },
            {
              "type": "null"
            }
          ],
          "title": "count"
        }
      },
      "additionalProperties": false
    }
  }
}