{
  "type": "object",
  "properties": {
    "decimal": {
      "type": "number",
      "title": "decimal"
    },
    "even": {
      "type": "integer",
      "title": "even"
    },
    "name": {
      "type": "string",
      "title": "name"
    },
    "shape": {
      "$ref": "#/definitions/Shape",
      "title": "shape"
    }
  },
  "required": [
    "decimal",
    "even",
    "name",
    "shape"
  ],
  "additionalProperties": false,
  "definitions": {
    "Shape": {
      "type": "string",
      "enum": [
        "SQUARE",
        "CIRCLE",
        "TRIANGLE"
      ]
    }
  }
}