{
  "type": "object",
  "properties": {
    "name": {
      "type": "string",
      "title": "name"
    },
    "size": {
      "type": "integer",
      "title": "size"
    }
  },
  "required": [
    "name",
    "size"
  ],
  "additionalProperties": false,
  "definitions": {}
}