{
  "type": "object",
  "properties": {
    "id": {
      "type": "string",
      "title": "id"
    },
    "related_resources": {
      "type": "array",
      "items": {
        "$ref": "#/definitions/ResourceList"
      },
      "title": "related_resources"
    },
    "memo": {
      "$ref": "#/definitions/Memo",
      "title": "memo"
    },
    "resource_type": {
      "const": "Practitioner",
      "title": "resource_type"
    },
    "name": {
      "type": "string",
      "title": "name"
    }
  },
  "required": [
    "id",
    "related_resources",
    "memo",
    "resource_type",
    "name"
  ],
  "additionalProperties": false,
  "definitions": {
    "Memo": {
      "type": "object",
      "properties": {
        "description": {
          "type": "string",
          "title": "description"
        },
        "account": {
          "oneOf": [
            {
              "$ref": "#/definitions/Account"
            },
            {
              "type": "null"
            }
          ],
          "title": "account"
        }
      },
      "required": [
        "description"
      ],
      "additionalProperties": false
    },
    "Script": {
      "type": "object",
      "properties": {
        "id": {
          "type": "string",
          "title": "id"
        },
        "related_resources": {
          "type": "array",
          "items": {
            "$ref": "#/definitions/ResourceList"
          },
          "title": "related_resources"
        },
        "memo": {
          "$ref": "#/definitions/Memo",
          "title": "memo"
        },
        "resource_type": {
          "const": "Script",
          "title": "resource_type"
        },
        "name": {
          "type": "string",
          "title": "name"
        }
      },
      "required": [
        "id",
        "related_resources",
        "memo",
        "resource_type",
        "name"
      ],
      "additionalProperties": false
    },
    "Patient": {
      "type": "object",
      "properties": {
        "id": {
          "type": "string",
          "title": "id"
        },
        "related_resources": {
          "type": "array",
          "items": {
            "$ref": "#/definitions/ResourceList"
          },
          "title": "related_resources"
        },
        "memo": {
          "$ref": "#/definitions/Memo",
          "title": "memo"
        },
        "resource_type": {
          "const": "Patient",
          "title": "resource_type"
        },
        "name": {
          "type": "string",
          "title": "name"
        },
        "scripts": {
          "type": "array",
          "items": {
            "$ref": "#/definitions/Script"
          },
          "title": "scripts"
        }
      },
      "required": [
        "id",
        "related_resources",
        "memo",
        "resource_type",
        "name",
        "scripts"
      ],
      "additionalProperties": false
    },
    "Practitioner": {
      "type": "object",
      "properties": {
        "id": {
          "type": "string",
          "title": "id"
        },
        "related_resources": {
          "type": "array",
          "items": {
            "$ref": "#/definitions/ResourceList"
          },
          "title": "related_resources"
        },
        "memo": {
          "$ref": "#/definitions/Memo",
          "title": "memo"
        },
        "resource_type": {
          "const": "Practitioner",
          "title": "resource_type"
        },
        "name": {
          "type": "string",
          "title": "name"
        }
      },
      "required": [
        "id",
        "related_resources",
        "memo",
        "resource_type",
        "name"
      ],
      "additionalProperties": false
    },
    "Account": {
      "type": "object",
      "properties": {
        "id": {
          "type": "string",
          "title": "id"
        },
        "related_resources": {
          "type": "array",
          "items": {
            "$ref": "#/definitions/ResourceList"
          },
          "title": "related_resources"
        },
        "memo": {
          "$ref": "#/definitions/Memo",
          "title": "memo"
        },
        "resource_type": {
          "const": "Account",
          "title": "resource_type"
        },
        "name": {
          "type": "string",
          "title": "name"
        },
        "patient": {
          "oneOf": [
            {
              "$ref": "#/definitions/Patient"
            },
            {
              "type": "null"
            }
          ],
          "title": "patient"
        },
        "practitioner": {
          "oneOf": [
            {
              "$ref": "#/definitions/Practitioner"
            },
            {
              "type": "null"
            }
          ],
          "title": "practitioner"
        }
      },
      "required": [
        "id",
        "related_resources",
        "memo",
        "resource_type",
        "name"
      ],
      "additionalProperties": false
    },
    "ResourceList": {
      "anyOf": [
        {
          "$ref": "#/definitions/Account"
        },
        {
          "$ref": "#/definitions/Patient"
        },
        {
          "$ref": "#/definitions/Practitioner"
        },
        {
          "$ref": "#/definitions/Script"
        }
      ]
    }
  }
}