{
  "type": "object",
  "properties": {
    "id": {
      "type": "string",
      "title": "id"
    }
  },
  "required": [
    "id"
  ],
  "additionalProperties": false,
  "definitions": {}
}