{
  "type": "object",
  "properties": {
    "page": {
      "oneOf": [
        {
          "type": "integer"
        },
        {
          "type": "null"
        }
      ],
      "title": "page"
    }
  },
  "additionalProperties": false,
  "definitions": {}
}