{
  "type": "object",
  "properties": {
    "results": {
      "type": "array",
      "items": {
        "type": "string"
      },
      "title": "results"
    }
  },
  "required": [
    "results"
  ],
  "additionalProperties": false,
  "definitions": {}
}