{
  "type": "object",
  "properties": {
    "page": {
      "type": "integer",
      "title": "page"
    },
    "starting_after": {
      "type": "string",
      "title": "starting_after"
    }
  },
  "required": [
    "page",
    "starting_after"
  ],
  "additionalProperties": false,
  "definitions": {}
}