{
  "type": "object",
  "properties": {
    "hasNextPage": {
      "oneOf": [
        {
          "type": "boolean"
        },
        {
          "type": "null"
        }
      ],
      "title": "hasNextPage"
    },
    "page": {
      "oneOf": [
        {
          "$ref": "#/definitions/users.Page"
        },
        {
          "type": "null"
        }
      ],
      "title": "page"
    },
    "total_count": {
      "type": "integer",
      "title": "total_count",
      "description": "The totall number of /users"
    },
    "data": {
      "type": "array",
      "items": {
        "$ref": "#/definitions/users.User"
      },
      "title": "data"
    }
  },
  "required": [
    "total_count",
    "data"
  ],
  "additionalProperties": false,
  "definitions": {
    "users.NextPage": {
      "type": "object",
      "properties": {
        "page": {
          "type": "integer",
          "title": "page"
        },
        "starting_after": {
          "type": "string",
          "title": "starting_after"
        }
      },
      "required": [
        "page",
        "starting_after"
      ],
      "additionalProperties": false
    },
    "users.Page": {
      "type": "object",
      "properties": {
        "page": {
          "type": "integer",
          "title": "page",
          "description": "The current page"
        },
        "next": {
          "oneOf": [
            {
              "$ref": "#/definitions/users.NextPage"
            },
            {
              "type": "null"
            }
          ],
          "title": "next"
        },
        "per_page": {
          "type": "integer",
          "title": "per_page"
        },
        "total_page": {
          "type": "integer",
          "title": "total_page"
        }
      },
      "required": [
        "page",
        "per_page",
        "total_page"
      ],
      "additionalProperties": false
    },
    "users.User": {
      "type": "object",
      "properties": {
        "name": {
          "type": "string",
          "title": "name"
        },
        "id": {
          "type": "integer",
          "title": "id"
        }
      },
      "required": [
        "name",
        "id"
      ],
      "additionalProperties": false
    }
  }
}