{
  "type": "object",
  "properties": {
    "raw": {
      "type": "string",
      "title": "raw"
    },
    "docs": {
      "type": "string",
      "title": "docs"
    },
    "name": {
      "type": "string",
      "title": "name"
    }
  },
  "required": [
    "raw",
    "docs",
    "name"
  ],
  "additionalProperties": false,
  "definitions": {}
}