{
  "type": "object",
  "properties": {
    "Name": {
      "type": "string",
      "title": "Name"
    },
    "NestedUser": {
      "$ref": "#/definitions/service.User",
      "title": "NestedUser"
    }
  },
  "required": [
    "Name",
    "NestedUser"
  ],
  "additionalProperties": false,
  "definitions": {
    "service.User": {
      "type": "object",
      "properties": {
        "userName": {
          "type": "string",
          "title": "userName"
        },
        "metadata_tags": {
          "type": "array",
          "items": {
            "type": "string"
          },
          "title": "metadata_tags"
        },
        "EXTRA_PROPERTIES": {
          "type": "object",
          "additionalProperties": {
            "type": "string"
          },
          "title": "EXTRA_PROPERTIES"
        }
      },
      "required": [
        "userName",
        "metadata_tags",
        "EXTRA_PROPERTIES"
      ],
      "additionalProperties": false
    }
  }
}