{
  "oneOf": [
    {
      "$ref": "#/definitions/service.WithDocs"
    },
    {
      "type": "null"
    }
  ],
  "definitions": {
    "service.WithDocs": {
      "type": "object",
      "properties": {
        "docs": {
          "type": "string",
          "title": "docs"
        }
      },
      "required": [
        "docs"
      ],
      "additionalProperties": false
    }
  }
}