{
  "type": "object",
  "properties": {
    "docs": {
      "type": "string",
      "title": "docs"
    }
  },
  "required": [
    "docs"
  ],
  "additionalProperties": false,
  "definitions": {}
}