{
  "type": "object",
  "properties": {
    "metadata": {
      "type": "object",
      "additionalProperties": {
        "type": "string"
      },
      "title": "metadata"
    },
    "docs": {
      "type": "string",
      "title": "docs"
    },
    "data": {
      "$ref": "#/definitions/service.Movie",
      "title": "data"
    }
  },
  "required": [
    "metadata",
    "docs",
    "data"
  ],
  "additionalProperties": false,
  "definitions": {
    "service.Movie": {
      "type": "object",
      "properties": {
        "id": {
          "type": "string",
          "title": "id"
        },
        "name": {
          "type": "string",
          "title": "name"
        }
      },
      "required": [
        "id",
        "name"
      ],
      "additionalProperties": false
    }
  }
}