{
  "anyOf": [
    {
      "$ref": "#/definitions/types.Actor"
    },
    {
      "$ref": "#/definitions/types.Actress"
    },
    {
      "$ref": "#/definitions/types.StuntDouble"
    }
  ],
  "definitions": {
    "types.Actor": {
      "type": "object",
      "properties": {
        "name": {
          "type": "string",
          "title": "name"
        },
        "id": {
          "type": "string",
          "title": "id"
        }
      },
      "required": [
        "name",
        "id"
      ],
      "additionalProperties": false
    },
    "types.Actress": {
      "type": "object",
      "properties": {
        "name": {
          "type": "string",
          "title": "name"
        },
        "id": {
          "type": "string",
          "title": "id"
        }
      },
      "required": [
        "name",
        "id"
      ],
      "additionalProperties": false
    },
    "types.StuntDouble": {
      "type": "object",
      "properties": {
        "name": {
          "type": "string",
          "title": "name"
        },
        "actorOrActressId": {
          "type": "string",
          "title": "actorOrActressId"
        }
      },
      "required": [
        "name",
        "actorOrActressId"
      ],
      "additionalProperties": false
    }
  }
}