{
  "type": "object",
  "properties": {
    "id": {
      "$ref": "#/definitions/types.MovieId",
      "title": "id"
    },
    "prequel": {
      "oneOf": [
        {
          "$ref": "#/definitions/types.MovieId"
        },
        {
          "type": "null"
        }
      ],
      "title": "prequel"
    },
    "title": {
      "type": "string",
      "title": "title"
    },
    "from": {
      "type": "string",
      "title": "from"
    },
    "rating": {
      "type": "number",
      "title": "rating",
      "description": "The rating scale is one to five stars"
    },
    "type": {
      "const": "movie",
      "title": "type"
    },
    "tag": {
      "$ref": "#/definitions/commons.types.Tag",
      "title": "tag"
    },
    "book": {
      "oneOf": [
        {
          "type": "string"
        },
        {
          "type": "null"
        }
      ],
      "title": "book"
    },
    "metadata": {
      "type": "object",
      "additionalProperties": {
        "type": [
          "string",
          "number",
          "boolean",
          "object",
          "array",
          "null"
        ]
      },
      "title": "metadata"
    },
    "revenue": {
      "type": "integer",
      "title": "revenue"
    },
    "cast": {
      "type": "array",
      "items": {
        "type": "string"
      },
      "title": "cast"
    }
  },
  "required": [
    "id",
    "title",
    "from",
    "rating",
    "type",
    "tag",
    "metadata",
    "revenue",
    "cast"
  ],
  "additionalProperties": false,
  "definitions": {
    "types.MovieId": {
      "type": "string"
    },
    "commons.types.Tag": {
      "type": "string"
    }
  }
}