{
  "type": "object",
  "properties": {
    "type": {
      "$ref": "#/definitions/Type",
      "title": "type"
    },
    "name": {
      "type": "string",
      "title": "name"
    }
  },
  "required": [
    "type",
    "name"
  ],
  "additionalProperties": false,
  "definitions": {
    "BasicType": {
      "type": "string",
      "enum": [
        "primitive",
        "literal"
      ]
    },
    "ComplexType": {
      "type": "string",
      "enum": [
        "object",
        "union",
        "unknown"
      ]
    },
    "Type": {
      "anyOf": [
        {
          "$ref": "#/definitions/BasicType"
        },
        {
          "$ref": "#/definitions/ComplexType"
        }
      ]
    }
  }
}