{
  "type": "object",
  "properties": {
    "name": {
      "type": "string",
      "title": "name"
    },
    "actorOrActressId": {
      "type": "string",
      "title": "actorOrActressId"
    }
  },
  "required": [
    "name",
    "actorOrActressId"
  ],
  "additionalProperties": false,
  "definitions": {}
}