{
  "type": "object",
  "properties": {
    "name": {
      "type": "string",
      "title": "name"
    },
    "user": {
      "$ref": "#/definitions/user.User",
      "title": "user"
    }
  },
  "required": [
    "name",
    "user"
  ],
  "additionalProperties": false,
  "definitions": {
    "user.User": {
      "type": "object",
      "properties": {
        "name": {
          "type": "string",
          "title": "name"
        },
        "tags": {
          "type": "array",
          "items": {
            "type": "string"
          },
          "title": "tags"
        }
      },
      "required": [
        "name",
        "tags"
      ],
      "additionalProperties": false
    }
  }
}