{
  "type": "object",
  "properties": {
    "nodes": {
      "oneOf": [
        {
          "type": "array",
          "items": {
            "$ref": "#/definitions/Node"
          }
        },
        {
          "type": "null"
        }
      ],
      "title": "nodes"
    }
  },
  "additionalProperties": false,
  "definitions": {
    "commons.metadata.Metadata": {
      "type": "object",
      "properties": {
        "id": {
          "type": "string",
          "title": "id"
        },
        "data": {
          "oneOf": [
            {
              "type": "object",
              "additionalProperties": {
                "type": "string"
              }
            },
            {
              "type": "null"
            }
          ],
          "title": "data"
        }
      },
      "required": [
        "id"
      ],
      "additionalProperties": false
    },
    "Node": {
      "type": "object",
      "properties": {
        "id": {
          "type": "string",
          "title": "id"
        },
        "label": {
          "oneOf": [
            {
              "type": "string"
            },
            {
              "type": "null"
            }
          ],
          "title": "label"
        },
        "metadata": {
          "oneOf": [
            {
              "$ref": "#/definitions/commons.metadata.Metadata"
            },
            {
              "type": "null"
            }
          ],
          "title": "metadata"
        }
      },
      "required": [
        "id"
      ],
      "additionalProperties": false
    }
  }
}