{
  "type": "object",
  "properties": {
    "codeByLanguage": {
      "type": "object",
      "additionalProperties": {
        "$ref": "#/definitions/v2.v3.problem.FunctionImplementation"
      },
      "title": "codeByLanguage"
    }
  },
  "required": [
    "codeByLanguage"
  ],
  "additionalProperties": false,
  "definitions": {
    "v2.v3.problem.FunctionImplementation": {
      "type": "object",
      "properties": {
        "impl": {
          "type": "string",
          "title": "impl"
        },
        "imports": {
          "oneOf": [
            {
              "type": "string"
            },
            {
              "type": "null"
            }
          ],
          "title": "imports"
        }
      },
      "required": [
        "impl"
      ],
      "additionalProperties": false
    }
  }
}