{
  "type": "object",
  "properties": {
    "string": {
      "type": "string",
      "title": "string"
    },
    "NestedObject": {
      "$ref": "#/definitions/types.object.ObjectWithOptionalField",
      "title": "NestedObject"
    }
  },
  "required": [
    "string",
    "NestedObject"
  ],
  "additionalProperties": false,
  "definitions": {
    "types.object.ObjectWithOptionalField": {
      "type": "object",
      "properties": {
        "string": {
          "oneOf": [
            {
              "type": "string"
            },
            {
              "type": "null"
            }
          ],
          "title": "string",
          "description": "This is a rather long descriptor of this single field in a more complex type. If you ask me I think this is a pretty good description for this field all things considered."
        },
        "integer": {
          "oneOf": [
            {
              "type": "integer"
            },
            {
              "type": "null"
            }
          ],
          "title": "integer"
        },
        "long": {
          "oneOf": [
            {
              "type": "integer"
            },
            {
              "type": "null"
            }
          ],
          "title": "long"
        },
        "double": {
          "oneOf": [
            {
              "type": "number"
            },
            {
              "type": "null"
            }
          ],
          "title": "double"
        },
        "bool": {
          "oneOf": [
            {
              "type": "boolean"
            },
            {
              "type": "null"
            }
          ],
          "title": "bool"
        },
        "datetime": {
          "oneOf": [
            {
              "type": "string",
              "format": "date-time"
            },
            {
              "type": "null"
            }
          ],
          "title": "datetime"
        },
        "date": {
          "oneOf": [
            {
              "type": "string",
              "format": "date"
            },
            {
              "type": "null"
            }
          ],
          "title": "date"
        },
        "uuid": {
          "oneOf": [
            {
              "type": "string",
              "format": "uuid"
            },
            {
              "type": "null"
            }
          ],
          "title": "uuid"
        },
        "base64": {
          "oneOf": [
            {
              "type": "string",
              "contentEncoding": "base64"
            },
            {
              "type": "null"
            }
          ],
          "title": "base64"
        },
        "list": {
          "oneOf": [
            {
              "type": "array",
              "items": {
                "type": "string"
              }
            },
            {
              "type": "null"
            }
          ],
          "title": "list"
        },
        "set": {
          "oneOf": [
            {
              "type": "array",
              "items": {
                "type": "string"
              },
              "uniqueItems": true
            },
            {
              "type": "null"
            }
          ],
          "title": "set"
        },
        "map": {
          "oneOf": [
            {
              "type": "object",
              "additionalProperties": {
                "type": "string"
              }
            },
            {
              "type": "null"
            }
          ],
          "title": "map"
        },
        "bigint": {
          "oneOf": [
            {
              "type": "string",
              "pattern": "^-?[0-9]+$"
            },
            {
              "type": "null"
            }
          ],
          "title": "bigint"
        }
      },
      "additionalProperties": false
    }
  }
}