{
  "type": "object",
  "properties": {
    "response": {
      "type": [
        "string",
        "number",
        "boolean",
        "object",
        "array",
        "null"
      ],
      "title": "response"
    }
  },
  "required": [
    "response"
  ],
  "additionalProperties": false,
  "definitions": {}
}