{
  "type": "object",
  "properties": {
    "start": {
      "type": "integer",
      "title": "start"
    },
    "offset": {
      "type": "integer",
      "title": "offset"
    }
  },
  "required": [
    "start",
    "offset"
  ],
  "additionalProperties": false,
  "definitions": {}
}