{
  "type": "object",
  "properties": {
    "files": {
      "type": "object",
      "additionalProperties": {
        "$ref": "#/definitions/problem.ProblemFiles"
      },
      "title": "files"
    }
  },
  "required": [
    "files"
  ],
  "additionalProperties": false,
  "definitions": {
    "commons.FileInfo": {
      "type": "object",
      "properties": {
        "filename": {
          "type": "string",
          "title": "filename"
        },
        "contents": {
          "type": "string",
          "title": "contents"
        }
      },
      "required": [
        "filename",
        "contents"
      ],
      "additionalProperties": false
    },
    "problem.ProblemFiles": {
      "type": "object",
      "properties": {
        "solutionFile": {
          "$ref": "#/definitions/commons.FileInfo",
          "title": "solutionFile"
        },
        "readOnlyFiles": {
          "type": "array",
          "items": {
            "$ref": "#/definitions/commons.FileInfo"
          },
          "title": "readOnlyFiles"
        }
      },
      "required": [
        "solutionFile",
        "readOnlyFiles"
      ],
      "additionalProperties": false
    }
  }
}