{
  "type": "object",
  "properties": {
    "exceptionV2": {
      "oneOf": [
        {
          "$ref": "#/definitions/submission.ExceptionV2"
        },
        {
          "type": "null"
        }
      ],
      "title": "exceptionV2"
    },
    "exception": {
      "oneOf": [
        {
          "$ref": "#/definitions/submission.ExceptionInfo"
        },
        {
          "type": "null"
        }
      ],
      "title": "exception"
    },
    "stdout": {
      "type": "string",
      "title": "stdout"
    }
  },
  "required": [
    "stdout"
  ],
  "additionalProperties": false,
  "definitions": {
    "submission.ExceptionV2": {
      "type": "object",
      "properties": {
        "type": {
          "type": "string",
          "enum": [
            "generic",
            "timeout"
          ]
        }
      },
      "required": [
        "type"
      ],
      "oneOf": [
        {
          "properties": {
            "type": {
              "const": "generic"
            },
            "exceptionType": {
              "type": "string",
              "title": "exceptionType"
            },
            "exceptionMessage": {
              "type": "string",
              "title": "exceptionMessage"
            },
            "exceptionStacktrace": {
              "type": "string",
              "title": "exceptionStacktrace"
            }
          },
          "required": [
            "type",
            "exceptionType",
            "exceptionMessage",
            "exceptionStacktrace"
          ]
        },
        {
          "properties": {
            "type": {
              "const": "timeout"
            }
          },
          "required": [
            "type"
          ]
        }
      ]
    },
    "submission.ExceptionInfo": {
      "type": "object",
      "properties": {
        "exceptionType": {
          "type": "string",
          "title": "exceptionType"
        },
        "exceptionMessage": {
          "type": "string",
          "title": "exceptionMessage"
        },
        "exceptionStacktrace": {
          "type": "string",
          "title": "exceptionStacktrace"
        }
      },
      "required": [
        "exceptionType",
        "exceptionMessage",
        "exceptionStacktrace"
      ],
      "additionalProperties": false
    }
  }
}