{
  "type": "object",
  "properties": {
    "nodeId": {
      "$ref": "#/definitions/commons.NodeId",
      "title": "nodeId"
    },
    "val": {
      "type": "number",
      "title": "val"
    },
    "next": {
      "oneOf": [
        {
          "$ref": "#/definitions/commons.NodeId"
        },
        {
          "type": "null"
        }
      ],
      "title": "next"
    },
    "prev": {
      "oneOf": [
        {
          "$ref": "#/definitions/commons.NodeId"
        },
        {
          "type": "null"
        }
      ],
      "title": "prev"
    }
  },
  "required": [
    "nodeId",
    "val"
  ],
  "additionalProperties": false,
  "definitions": {
    "commons.NodeId": {
      "type": "string"
    }
  }
}