{
  "type": "object",
  "properties": {
    "mainFile": {
      "$ref": "#/definitions/commons.FileInfo",
      "title": "mainFile"
    },
    "readOnlyFiles": {
      "type": "array",
      "items": {
        "$ref": "#/definitions/commons.FileInfo"
      },
      "title": "readOnlyFiles"
    }
  },
  "required": [
    "mainFile",
    "readOnlyFiles"
  ],
  "additionalProperties": false,
  "definitions": {
    "commons.FileInfo": {
      "type": "object",
      "properties": {
        "filename": {
          "type": "string",
          "title": "filename"
        },
        "contents": {
          "type": "string",
          "title": "contents"
        }
      },
      "required": [
        "filename",
        "contents"
      ],
      "additionalProperties": false
    }
  }
}