{
  "type": "object",
  "properties": {
    "type": {
      "type": "string",
      "enum": [
        "html",
        "variable",
        "testCaseId"
      ]
    }
  },
  "required": [
    "type"
  ],
  "oneOf": [
    {
      "properties": {
        "type": {
          "const": "html"
        },
        "value": {
          "type": "string"
        }
      },
      "required": [
        "type"
      ]
    },
    {
      "properties": {
        "type": {
          "const": "variable"
        },
        "value": {
          "$ref": "#/definitions/commons.VariableValue"
        }
      },
      "required": [
        "type"
      ]
    },
    {
      "properties": {
        "type": {
          "const": "testCaseId"
        },
        "value": {
          "type": "string"
        }
      },
      "required": [
        "type"
      ]
    }
  ],
  "definitions": {
    "commons.KeyValuePair": {
      "type": "object",
      "properties": {
        "key": {
          "$ref": "#/definitions/commons.VariableValue",
          "title": "key"
        },
        "value": {
          "$ref": "#/definitions/commons.VariableValue",
          "title": "value"
        }
      },
      "required": [
        "key",
        "value"
      ],
      "additionalProperties": false
    },
    "commons.NodeId": {
      "type": "string"
    },
    "commons.BinaryTreeNodeValue": {
      "type": "object",
      "properties": {
        "nodeId": {
          "$ref": "#/definitions/commons.NodeId",
          "title": "nodeId"
        },
        "val": {
          "type": "number",
          "title": "val"
        },
        "right": {
          "oneOf": [
            {
              "$ref": "#/definitions/commons.NodeId"
            },
            {
              "type": "null"
            }
          ],
          "title": "right"
        },
        "left": {
          "oneOf": [
            {
              "$ref": "#/definitions/commons.NodeId"
            },
            {
              "type": "null"
            }
          ],
          "title": "left"
        }
      },
      "required": [
        "nodeId",
        "val"
      ],
      "additionalProperties": false
    },
    "commons.SinglyLinkedListNodeValue": {
      "type": "object",
      "properties": {
        "nodeId": {
          "$ref": "#/definitions/commons.NodeId",
          "title": "nodeId"
        },
        "val": {
          "type": "number",
          "title": "val"
        },
        "next": {
          "oneOf": [
            {
              "$ref": "#/definitions/commons.NodeId"
            },
            {
              "type": "null"
            }
          ],
          "title": "next"
        }
      },
      "required": [
        "nodeId",
        "val"
      ],
      "additionalProperties": false
    },
    "commons.DoublyLinkedListNodeValue": {
      "type": "object",
      "properties": {
        "nodeId": {
          "$ref": "#/definitions/commons.NodeId",
          "title": "nodeId"
        },
        "val": {
          "type": "number",
          "title": "val"
        },
        "next": {
          "oneOf": [
            {
              "$ref": "#/definitions/commons.NodeId"
            },
            {
              "type": "null"
            }
          ],
          "title": "next"
        },
        "prev": {
          "oneOf": [
            {
              "$ref": "#/definitions/commons.NodeId"
            },
            {
              "type": "null"
            }
          ],
          "title": "prev"
        }
      },
      "required": [
        "nodeId",
        "val"
      ],
      "additionalProperties": false
    },
    "commons.VariableValue": {
      "type": "object",
      "properties": {
        "type": {
          "type": "string",
          "enum": [
            "integerValue",
            "booleanValue",
            "doubleValue",
            "stringValue",
            "charValue",
            "mapValue",
            "listValue",
            "binaryTreeValue",
            "singlyLinkedListValue",
            "doublyLinkedListValue",
            "nullValue"
          ]
        }
      },
      "required": [
        "type"
      ],
      "oneOf": [
        {
          "properties": {
            "type": {
              "const": "integerValue"
            },
            "value": {
              "type": "integer"
            }
          },
          "required": [
            "type"
          ]
        },
        {
          "properties": {
            "type": {
              "const": "booleanValue"
            },
            "value": {
              "type": "boolean"
            }
          },
          "required": [
            "type"
          ]
        },
        {
          "properties": {
            "type": {
              "const": "doubleValue"
            },
            "value": {
              "type": "number"
            }
          },
          "required": [
            "type"
          ]
        },
        {
          "properties": {
            "type": {
              "const": "stringValue"
            },
            "value": {
              "type": "string"
            }
          },
          "required": [
            "type"
          ]
        },
        {
          "properties": {
            "type": {
              "const": "charValue"
            },
            "value": {
              "type": "string"
            }
          },
          "required": [
            "type"
          ]
        },
        {
          "properties": {
            "type": {
              "const": "mapValue"
            },
            "keyValuePairs": {
              "type": "array",
              "items": {
                "$ref": "#/definitions/commons.KeyValuePair"
              },
              "title": "keyValuePairs"
            }
          },
          "required": [
            "type",
            "keyValuePairs"
          ]
        },
        {
          "properties": {
            "type": {
              "const": "listValue"
            },
            "value": {
              "type": "array",
              "items": {
                "$ref": "#/definitions/commons.VariableValue"
              }
            }
          },
          "required": [
            "type"
          ]
        },
        {
          "properties": {
            "type": {
              "const": "binaryTreeValue"
            },
            "root": {
              "oneOf": [
                {
                  "$ref": "#/definitions/commons.NodeId"
                },
                {
                  "type": "null"
                }
              ],
              "title": "root"
            },
            "nodes": {
              "type": "object",
              "additionalProperties": {
                "$ref": "#/definitions/commons.BinaryTreeNodeValue"
              },
              "title": "nodes"
            }
          },
          "required": [
            "type",
            "nodes"
          ]
        },
        {
          "properties": {
            "type": {
              "const": "singlyLinkedListValue"
            },
            "head": {
              "oneOf": [
                {
                  "$ref": "#/definitions/commons.NodeId"
                },
                {
                  "type": "null"
                }
              ],
              "title": "head"
            },
            "nodes": {
              "type": "object",
              "additionalProperties": {
                "$ref": "#/definitions/commons.SinglyLinkedListNodeValue"
              },
              "title": "nodes"
            }
          },
          "required": [
            "type",
            "nodes"
          ]
        },
        {
          "properties": {
            "type": {
              "const": "doublyLinkedListValue"
            },
            "head": {
              "oneOf": [
                {
                  "$ref": "#/definitions/commons.NodeId"
                },
                {
                  "type": "null"
                }
              ],
              "title": "head"
            },
            "nodes": {
              "type": "object",
              "additionalProperties": {
                "$ref": "#/definitions/commons.DoublyLinkedListNodeValue"
              },
              "title": "nodes"
            }
          },
          "required": [
            "type",
            "nodes"
          ]
        },
        {
          "properties": {
            "type": {
              "const": "nullValue"
            }
          },
          "required": [
            "type"
          ]
        }
      ]
    }
  }
}