{
  "type": "object",
  "properties": {
    "message": {
      "type": "string",
      "title": "message"
    },
    "type": {
      "type": "string",
      "title": "type"
    },
    "stacktrace": {
      "type": "string",
      "title": "stacktrace"
    }
  },
  "required": [
    "message",
    "type",
    "stacktrace"
  ],
  "additionalProperties": false,
  "definitions": {}
}