{
  "type": "object",
  "properties": {
    "submissionId": {
      "$ref": "#/definitions/submission.SubmissionId",
      "title": "submissionId"
    },
    "lineNumber": {
      "type": "integer",
      "title": "lineNumber"
    },
    "file": {
      "$ref": "#/definitions/submission.TracedFile",
      "title": "file"
    },
    "returnValue": {
      "oneOf": [
        {
          "$ref": "#/definitions/commons.DebugVariableValue"
        },
        {
          "type": "null"
        }
      ],
      "title": "returnValue"
    },
    "expressionLocation": {
      "oneOf": [
        {
          "$ref": "#/definitions/submission.ExpressionLocation"
        },
        {
          "type": "null"
        }
      ],
      "title": "expressionLocation"
    },
    "stack": {
      "$ref": "#/definitions/submission.StackInformation",
      "title": "stack"
    },
    "stdout": {
      "oneOf": [
        {
          "type": "string"
        },
        {
          "type": "null"
        }
      ],
      "title": "stdout"
    }
  },
  "required": [
    "submissionId",
    "lineNumber",
    "file",
    "stack"
  ],
  "additionalProperties": false,
  "definitions": {
    "submission.SubmissionId": {
      "type": "string",
      "format": "uuid"
    },
    "submission.TracedFile": {
      "type": "object",
      "properties": {
        "filename": {
          "type": "string",
          "title": "filename"
        },
        "directory": {
          "type": "string",
          "title": "directory"
        }
      },
      "required": [
        "filename",
        "directory"
      ],
      "additionalProperties": false
    },
    "commons.DebugKeyValuePairs": {
      "type": "object",
      "properties": {
        "key": {
          "$ref": "#/definitions/commons.DebugVariableValue",
          "title": "key"
        },
        "value": {
          "$ref": "#/definitions/commons.DebugVariableValue",
          "title": "value"
        }
      },
      "required": [
        "key",
        "value"
      ],
      "additionalProperties": false
    },
    "commons.NodeId": {
      "type": "string"
    },
    "commons.BinaryTreeNodeValue": {
      "type": "object",
      "properties": {
        "nodeId": {
          "$ref": "#/definitions/commons.NodeId",
          "title": "nodeId"
        },
        "val": {
          "type": "number",
          "title": "val"
        },
        "right": {
          "oneOf": [
            {
              "$ref": "#/definitions/commons.NodeId"
            },
            {
              "type": "null"
            }
          ],
          "title": "right"
        },
        "left": {
          "oneOf": [
            {
              "$ref": "#/definitions/commons.NodeId"
            },
            {
              "type": "null"
            }
          ],
          "title": "left"
        }
      },
      "required": [
        "nodeId",
        "val"
      ],
      "additionalProperties": false
    },
    "commons.BinaryTreeValue": {
      "type": "object",
      "properties": {
        "root": {
          "oneOf": [
            {
              "$ref": "#/definitions/commons.NodeId"
            },
            {
              "type": "null"
            }
          ],
          "title": "root"
        },
        "nodes": {
          "type": "object",
          "additionalProperties": {
            "$ref": "#/definitions/commons.BinaryTreeNodeValue"
          },
          "title": "nodes"
        }
      },
      "required": [
        "nodes"
      ],
      "additionalProperties": false
    },
    "commons.SinglyLinkedListNodeValue": {
      "type": "object",
      "properties": {
        "nodeId": {
          "$ref": "#/definitions/commons.NodeId",
          "title": "nodeId"
        },
        "val": {
          "type": "number",
          "title": "val"
        },
        "next": {
          "oneOf": [
            {
              "$ref": "#/definitions/commons.NodeId"
            },
            {
              "type": "null"
            }
          ],
          "title": "next"
        }
      },
      "required": [
        "nodeId",
        "val"
      ],
      "additionalProperties": false
    },
    "commons.SinglyLinkedListValue": {
      "type": "object",
      "properties": {
        "head": {
          "oneOf": [
            {
              "$ref": "#/definitions/commons.NodeId"
            },
            {
              "type": "null"
            }
          ],
          "title": "head"
        },
        "nodes": {
          "type": "object",
          "additionalProperties": {
            "$ref": "#/definitions/commons.SinglyLinkedListNodeValue"
          },
          "title": "nodes"
        }
      },
      "required": [
        "nodes"
      ],
      "additionalProperties": false
    },
    "commons.DoublyLinkedListNodeValue": {
      "type": "object",
      "properties": {
        "nodeId": {
          "$ref": "#/definitions/commons.NodeId",
          "title": "nodeId"
        },
        "val": {
          "type": "number",
          "title": "val"
        },
        "next": {
          "oneOf": [
            {
              "$ref": "#/definitions/commons.NodeId"
            },
            {
              "type": "null"
            }
          ],
          "title": "next"
        },
        "prev": {
          "oneOf": [
            {
              "$ref": "#/definitions/commons.NodeId"
            },
            {
              "type": "null"
            }
          ],
          "title": "prev"
        }
      },
      "required": [
        "nodeId",
        "val"
      ],
      "additionalProperties": false
    },
    "commons.DoublyLinkedListValue": {
      "type": "object",
      "properties": {
        "head": {
          "oneOf": [
            {
              "$ref": "#/definitions/commons.NodeId"
            },
            {
              "type": "null"
            }
          ],
          "title": "head"
        },
        "nodes": {
          "type": "object",
          "additionalProperties": {
            "$ref": "#/definitions/commons.DoublyLinkedListNodeValue"
          },
          "title": "nodes"
        }
      },
      "required": [
        "nodes"
      ],
      "additionalProperties": false
    },
    "commons.DebugVariableValue": {
      "type": "object",
      "properties": {
        "type": {
          "type": "string",
          "enum": [
            "integerValue",
            "booleanValue",
            "doubleValue",
            "stringValue",
            "charValue",
            "mapValue",
            "listValue",
            "binaryTreeNodeValue",
            "singlyLinkedListNodeValue",
            "doublyLinkedListNodeValue",
            "undefinedValue",
            "nullValue",
            "genericValue"
          ]
        }
      },
      "required": [
        "type"
      ],
      "oneOf": [
        {
          "properties": {
            "type": {
              "const": "integerValue"
            },
            "value": {
              "type": "integer"
            }
          },
          "required": [
            "type"
          ]
        },
        {
          "properties": {
            "type": {
              "const": "booleanValue"
            },
            "value": {
              "type": "boolean"
            }
          },
          "required": [
            "type"
          ]
        },
        {
          "properties": {
            "type": {
              "const": "doubleValue"
            },
            "value": {
              "type": "number"
            }
          },
          "required": [
            "type"
          ]
        },
        {
          "properties": {
            "type": {
              "const": "stringValue"
            },
            "value": {
              "type": "string"
            }
          },
          "required": [
            "type"
          ]
        },
        {
          "properties": {
            "type": {
              "const": "charValue"
            },
            "value": {
              "type": "string"
            }
          },
          "required": [
            "type"
          ]
        },
        {
          "properties": {
            "type": {
              "const": "mapValue"
            },
            "keyValuePairs": {
              "type": "array",
              "items": {
                "$ref": "#/definitions/commons.DebugKeyValuePairs"
              },
              "title": "keyValuePairs"
            }
          },
          "required": [
            "type",
            "keyValuePairs"
          ]
        },
        {
          "properties": {
            "type": {
              "const": "listValue"
            },
            "value": {
              "type": "array",
              "items": {
                "$ref": "#/definitions/commons.DebugVariableValue"
              }
            }
          },
          "required": [
            "type"
          ]
        },
        {
          "properties": {
            "type": {
              "const": "binaryTreeNodeValue"
            },
            "nodeId": {
              "$ref": "#/definitions/commons.NodeId",
              "title": "nodeId"
            },
            "fullTree": {
              "$ref": "#/definitions/commons.BinaryTreeValue",
              "title": "fullTree"
            }
          },
          "required": [
            "type",
            "nodeId",
            "fullTree"
          ]
        },
        {
          "properties": {
            "type": {
              "const": "singlyLinkedListNodeValue"
            },
            "nodeId": {
              "$ref": "#/definitions/commons.NodeId",
              "title": "nodeId"
            },
            "fullList": {
              "$ref": "#/definitions/commons.SinglyLinkedListValue",
              "title": "fullList"
            }
          },
          "required": [
            "type",
            "nodeId",
            "fullList"
          ]
        },
        {
          "properties": {
            "type": {
              "const": "doublyLinkedListNodeValue"
            },
            "nodeId": {
              "$ref": "#/definitions/commons.NodeId",
              "title": "nodeId"
            },
            "fullList": {
              "$ref": "#/definitions/commons.DoublyLinkedListValue",
              "title": "fullList"
            }
          },
          "required": [
            "type",
            "nodeId",
            "fullList"
          ]
        },
        {
          "properties": {
            "type": {
              "const": "undefinedValue"
            }
          },
          "required": [
            "type"
          ]
        },
        {
          "properties": {
            "type": {
              "const": "nullValue"
            }
          },
          "required": [
            "type"
          ]
        },
        {
          "properties": {
            "type": {
              "const": "genericValue"
            },
            "stringifiedType": {
              "oneOf": [
                {
                  "type": "string"
                },
                {
                  "type": "null"
                }
              ],
              "title": "stringifiedType"
            },
            "stringifiedValue": {
              "type": "string",
              "title": "stringifiedValue"
            }
          },
          "required": [
            "type",
            "stringifiedValue"
          ]
        }
      ]
    },
    "submission.ExpressionLocation": {
      "type": "object",
      "properties": {
        "start": {
          "type": "integer",
          "title": "start"
        },
        "offset": {
          "type": "integer",
          "title": "offset"
        }
      },
      "required": [
        "start",
        "offset"
      ],
      "additionalProperties": false
    },
    "submission.Scope": {
      "type": "object",
      "properties": {
        "variables": {
          "type": "object",
          "additionalProperties": {
            "$ref": "#/definitions/commons.DebugVariableValue"
          },
          "title": "variables"
        }
      },
      "required": [
        "variables"
      ],
      "additionalProperties": false
    },
    "submission.StackFrame": {
      "type": "object",
      "properties": {
        "methodName": {
          "type": "string",
          "title": "methodName"
        },
        "lineNumber": {
          "type": "integer",
          "title": "lineNumber"
        },
        "scopes": {
          "type": "array",
          "items": {
            "$ref": "#/definitions/submission.Scope"
          },
          "title": "scopes"
        }
      },
      "required": [
        "methodName",
        "lineNumber",
        "scopes"
      ],
      "additionalProperties": false
    },
    "submission.StackInformation": {
      "type": "object",
      "properties": {
        "numStackFrames": {
          "type": "integer",
          "title": "numStackFrames"
        },
        "topStackFrame": {
          "oneOf": [
            {
              "$ref": "#/definitions/submission.StackFrame"
            },
            {
              "type": "null"
            }
          ],
          "title": "topStackFrame"
        }
      },
      "required": [
        "numStackFrames"
      ],
      "additionalProperties": false
    }
  }
}