{
  "type": "object",
  "properties": {
    "submissionId": {
      "$ref": "#/definitions/submission.SubmissionId",
      "title": "submissionId"
    },
    "testCaseId": {
      "oneOf": [
        {
          "type": "string"
        },
        {
          "type": "null"
        }
      ],
      "title": "testCaseId"
    },
    "lineNumber": {
      "type": "integer",
      "title": "lineNumber"
    },
    "lightweightStackInfo": {
      "$ref": "#/definitions/submission.LightweightStackframeInformation",
      "title": "lightweightStackInfo"
    },
    "tracedFile": {
      "oneOf": [
        {
          "$ref": "#/definitions/submission.TracedFile"
        },
        {
          "type": "null"
        }
      ],
      "title": "tracedFile"
    }
  },
  "required": [
    "submissionId",
    "lineNumber",
    "lightweightStackInfo"
  ],
  "additionalProperties": false,
  "definitions": {
    "submission.SubmissionId": {
      "type": "string",
      "format": "uuid"
    },
    "submission.LightweightStackframeInformation": {
      "type": "object",
      "properties": {
        "numStackFrames": {
          "type": "integer",
          "title": "numStackFrames"
        },
        "topStackFrameMethodName": {
          "type": "string",
          "title": "topStackFrameMethodName"
        }
      },
      "required": [
        "numStackFrames",
        "topStackFrameMethodName"
      ],
      "additionalProperties": false
    },
    "submission.TracedFile": {
      "type": "object",
      "properties": {
        "filename": {
          "type": "string",
          "title": "filename"
        },
        "directory": {
          "type": "string",
          "title": "directory"
        }
      },
      "required": [
        "filename",
        "directory"
      ],
      "additionalProperties": false
    }
  }
}