{
  "type": "object",
  "properties": {
    "nestedObjects": {
      "type": "array",
      "items": {
        "$ref": "#/definitions/reference.NestedObjectWithLiterals"
      },
      "title": "nestedObjects"
    }
  },
  "required": [
    "nestedObjects"
  ],
  "additionalProperties": false,
  "definitions": {
    "reference.NestedObjectWithLiterals": {
      "type": "object",
      "properties": {
        "literal1": {
          "const": "literal1",
          "title": "literal1"
        },
        "literal2": {
          "const": "literal2",
          "title": "literal2"
        },
        "strProp": {
          "type": "string",
          "title": "strProp"
        }
      },
      "required": [
        "literal1",
        "literal2",
        "strProp"
      ],
      "additionalProperties": false
    }
  }
}