{
  "type": "object",
  "properties": {
    "length": {
      "type": "number",
      "title": "length"
    }
  },
  "required": [
    "length"
  ],
  "additionalProperties": false,
  "definitions": {}
}