{
  "type": "object",
  "properties": {
    "radius": {
      "type": "number",
      "title": "radius"
    }
  },
  "required": [
    "radius"
  ],
  "additionalProperties": false,
  "definitions": {}
}