{
  "type": "object",
  "properties": {
    "templateId": {
      "$ref": "#/definitions/v2.problem.TestCaseTemplateId",
      "title": "templateId"
    },
    "name": {
      "type": "string",
      "title": "name"
    },
    "description": {
      "$ref": "#/definitions/v2.problem.TestCaseImplementationDescription",
      "title": "description"
    },
    "expectedValueParameterId": {
      "$ref": "#/definitions/v2.problem.ParameterId",
      "title": "expectedValueParameterId"
    }
  },
  "required": [
    "templateId",
    "name",
    "description",
    "expectedValueParameterId"
  ],
  "additionalProperties": false,
  "definitions": {
    "v2.problem.TestCaseTemplateId": {
      "type": "string"
    },
    "v2.problem.ParameterId": {
      "type": "string"
    },
    "v2.problem.TestCaseImplementationDescriptionBoard": {
      "type": "object",
      "properties": {
        "type": {
          "type": "string",
          "enum": [
            "html",
            "paramId"
          ]
        }
      },
      "required": [
        "type"
      ],
      "oneOf": [
        {
          "properties": {
            "type": {
              "const": "html"
            },
            "value": {
              "type": "string"
            }
          },
          "required": [
            "type"
          ]
        },
        {
          "properties": {
            "type": {
              "const": "paramId"
            },
            "value": {
              "$ref": "#/definitions/v2.problem.ParameterId"
            }
          },
          "required": [
            "type"
          ]
        }
      ]
    },
    "v2.problem.TestCaseImplementationDescription": {
      "type": "object",
      "properties": {
        "boards": {
          "type": "array",
          "items": {
            "$ref": "#/definitions/v2.problem.TestCaseImplementationDescriptionBoard"
          },
          "title": "boards"
        }
      },
      "required": [
        "boards"
      ],
      "additionalProperties": false
    }
  }
}