{
  "type": "object",
  "properties": {
    "getActualResult": {
      "$ref": "#/definitions/v2.problem.NonVoidFunctionDefinition",
      "title": "getActualResult"
    },
    "assertCorrectnessCheck": {
      "$ref": "#/definitions/v2.problem.AssertCorrectnessCheck",
      "title": "assertCorrectnessCheck"
    }
  },
  "required": [
    "getActualResult",
    "assertCorrectnessCheck"
  ],
  "additionalProperties": false,
  "definitions": {
    "v2.problem.ParameterId": {
      "type": "string"
    },
    "commons.VariableType": {
      "type": "object",
      "properties": {
        "type": {
          "type": "string",
          "enum": [
            "integerType",
            "doubleType",
            "booleanType",
            "stringType",
            "charType",
            "listType",
            "mapType",
            "binaryTreeType",
            "singlyLinkedListType",
            "doublyLinkedListType"
          ]
        }
      },
      "required": [
        "type"
      ],
      "oneOf": [
        {
          "properties": {
            "type": {
              "const": "integerType"
            }
          },
          "required": [
            "type"
          ]
        },
        {
          "properties": {
            "type": {
              "const": "doubleType"
            }
          },
          "required": [
            "type"
          ]
        },
        {
          "properties": {
            "type": {
              "const": "booleanType"
            }
          },
          "required": [
            "type"
          ]
        },
        {
          "properties": {
            "type": {
              "const": "stringType"
            }
          },
          "required": [
            "type"
          ]
        },
        {
          "properties": {
            "type": {
              "const": "charType"
            }
          },
          "required": [
            "type"
          ]
        },
        {
          "properties": {
            "type": {
              "const": "listType"
            },
            "valueType": {
              "$ref": "#/definitions/commons.VariableType",
              "title": "valueType"
            },
            "isFixedLength": {
              "oneOf": [
                {
                  "type": "boolean"
                },
                {
                  "type": "null"
                }
              ],
              "title": "isFixedLength",
              "description": "Whether this list is fixed-size (for languages that supports fixed-size lists). Defaults to false."
            }
          },
          "required": [
            "type",
            "valueType"
          ]
        },
        {
          "properties": {
            "type": {
              "const": "mapType"
            },
            "keyType": {
              "$ref": "#/definitions/commons.VariableType",
              "title": "keyType"
            },
            "valueType": {
              "$ref": "#/definitions/commons.VariableType",
              "title": "valueType"
            }
          },
          "required": [
            "type",
            "keyType",
            "valueType"
          ]
        },
        {
          "properties": {
            "type": {
              "const": "binaryTreeType"
            }
          },
          "required": [
            "type"
          ]
        },
        {
          "properties": {
            "type": {
              "const": "singlyLinkedListType"
            }
          },
          "required": [
            "type"
          ]
        },
        {
          "properties": {
            "type": {
              "const": "doublyLinkedListType"
            }
          },
          "required": [
            "type"
          ]
        }
      ]
    },
    "v2.problem.Parameter": {
      "type": "object",
      "properties": {
        "parameterId": {
          "$ref": "#/definitions/v2.problem.ParameterId",
          "title": "parameterId"
        },
        "name": {
          "type": "string",
          "title": "name"
        },
        "variableType": {
          "$ref": "#/definitions/commons.VariableType",
          "title": "variableType"
        }
      },
      "required": [
        "parameterId",
        "name",
        "variableType"
      ],
      "additionalProperties": false
    },
    "v2.problem.NonVoidFunctionSignature": {
      "type": "object",
      "properties": {
        "parameters": {
          "type": "array",
          "items": {
            "$ref": "#/definitions/v2.problem.Parameter"
          },
          "title": "parameters"
        },
        "returnType": {
          "$ref": "#/definitions/commons.VariableType",
          "title": "returnType"
        }
      },
      "required": [
        "parameters",
        "returnType"
      ],
      "additionalProperties": false
    },
    "v2.problem.FunctionImplementation": {
      "type": "object",
      "properties": {
        "impl": {
          "type": "string",
          "title": "impl"
        },
        "imports": {
          "oneOf": [
            {
              "type": "string"
            },
            {
              "type": "null"
            }
          ],
          "title": "imports"
        }
      },
      "required": [
        "impl"
      ],
      "additionalProperties": false
    },
    "v2.problem.FunctionImplementationForMultipleLanguages": {
      "type": "object",
      "properties": {
        "codeByLanguage": {
          "type": "object",
          "additionalProperties": {
            "$ref": "#/definitions/v2.problem.FunctionImplementation"
          },
          "title": "codeByLanguage"
        }
      },
      "required": [
        "codeByLanguage"
      ],
      "additionalProperties": false
    },
    "v2.problem.NonVoidFunctionDefinition": {
      "type": "object",
      "properties": {
        "signature": {
          "$ref": "#/definitions/v2.problem.NonVoidFunctionSignature",
          "title": "signature"
        },
        "code": {
          "$ref": "#/definitions/v2.problem.FunctionImplementationForMultipleLanguages",
          "title": "code"
        }
      },
      "required": [
        "signature",
        "code"
      ],
      "additionalProperties": false
    },
    "v2.problem.AssertCorrectnessCheck": {
      "type": "object",
      "properties": {
        "type": {
          "type": "string",
          "enum": [
            "deepEquality",
            "custom"
          ]
        }
      },
      "required": [
        "type"
      ],
      "oneOf": [
        {
          "properties": {
            "type": {
              "const": "deepEquality"
            },
            "expectedValueParameterId": {
              "$ref": "#/definitions/v2.problem.ParameterId",
              "title": "expectedValueParameterId"
            }
          },
          "required": [
            "type",
            "expectedValueParameterId"
          ]
        },
        {
          "properties": {
            "type": {
              "const": "custom"
            },
            "additionalParameters": {
              "type": "array",
              "items": {
                "$ref": "#/definitions/v2.problem.Parameter"
              },
              "title": "additionalParameters"
            },
            "code": {
              "$ref": "#/definitions/v2.problem.FunctionImplementationForMultipleLanguages",
              "title": "code"
            }
          },
          "required": [
            "type",
            "additionalParameters",
            "code"
          ]
        }
      ]
    }
  }
}