{
  "type": "object",
  "properties": {
    "files": {
      "type": "array",
      "items": {
        "$ref": "#/definitions/v2.problem.FileInfoV2"
      },
      "title": "files"
    }
  },
  "required": [
    "files"
  ],
  "additionalProperties": false,
  "definitions": {
    "v2.problem.FileInfoV2": {
      "type": "object",
      "properties": {
        "filename": {
          "type": "string",
          "title": "filename"
        },
        "directory": {
          "type": "string",
          "title": "directory"
        },
        "contents": {
          "type": "string",
          "title": "contents"
        },
        "editable": {
          "type": "boolean",
          "title": "editable"
        }
      },
      "required": [
        "filename",
        "directory",
        "contents",
        "editable"
      ],
      "additionalProperties": false
    }
  }
}