{
  "type": "object",
  "properties": {
    "methodName": {
      "type": "string",
      "title": "methodName"
    },
    "signature": {
      "$ref": "#/definitions/v2.problem.NonVoidFunctionSignature",
      "title": "signature"
    },
    "additionalFiles": {
      "type": "object",
      "additionalProperties": {
        "$ref": "#/definitions/v2.problem.Files"
      },
      "title": "additionalFiles"
    },
    "basicTestCaseTemplate": {
      "$ref": "#/definitions/v2.problem.BasicTestCaseTemplate",
      "title": "basicTestCaseTemplate"
    }
  },
  "required": [
    "methodName",
    "signature",
    "additionalFiles",
    "basicTestCaseTemplate"
  ],
  "additionalProperties": false,
  "definitions": {
    "v2.problem.ParameterId": {
      "type": "string"
    },
    "commons.VariableType": {
      "type": "object",
      "properties": {
        "type": {
          "type": "string",
          "enum": [
            "integerType",
            "doubleType",
            "booleanType",
            "stringType",
            "charType",
            "listType",
            "mapType",
            "binaryTreeType",
            "singlyLinkedListType",
            "doublyLinkedListType"
          ]
        }
      },
      "required": [
        "type"
      ],
      "oneOf": [
        {
          "properties": {
            "type": {
              "const": "integerType"
            }
          },
          "required": [
            "type"
          ]
        },
        {
          "properties": {
            "type": {
              "const": "doubleType"
            }
          },
          "required": [
            "type"
          ]
        },
        {
          "properties": {
            "type": {
              "const": "booleanType"
            }
          },
          "required": [
            "type"
          ]
        },
        {
          "properties": {
            "type": {
              "const": "stringType"
            }
          },
          "required": [
            "type"
          ]
        },
        {
          "properties": {
            "type": {
              "const": "charType"
            }
          },
          "required": [
            "type"
          ]
        },
        {
          "properties": {
            "type": {
              "const": "listType"
            },
            "valueType": {
              "$ref": "#/definitions/commons.VariableType",
              "title": "valueType"
            },
            "isFixedLength": {
              "oneOf": [
                {
                  "type": "boolean"
                },
                {
                  "type": "null"
                }
              ],
              "title": "isFixedLength",
              "description": "Whether this list is fixed-size (for languages that supports fixed-size lists). Defaults to false."
            }
          },
          "required": [
            "type",
            "valueType"
          ]
        },
        {
          "properties": {
            "type": {
              "const": "mapType"
            },
            "keyType": {
              "$ref": "#/definitions/commons.VariableType",
              "title": "keyType"
            },
            "valueType": {
              "$ref": "#/definitions/commons.VariableType",
              "title": "valueType"
            }
          },
          "required": [
            "type",
            "keyType",
            "valueType"
          ]
        },
        {
          "properties": {
            "type": {
              "const": "binaryTreeType"
            }
          },
          "required": [
            "type"
          ]
        },
        {
          "properties": {
            "type": {
              "const": "singlyLinkedListType"
            }
          },
          "required": [
            "type"
          ]
        },
        {
          "properties": {
            "type": {
              "const": "doublyLinkedListType"
            }
          },
          "required": [
            "type"
          ]
        }
      ]
    },
    "v2.problem.Parameter": {
      "type": "object",
      "properties": {
        "parameterId": {
          "$ref": "#/definitions/v2.problem.ParameterId",
          "title": "parameterId"
        },
        "name": {
          "type": "string",
          "title": "name"
        },
        "variableType": {
          "$ref": "#/definitions/commons.VariableType",
          "title": "variableType"
        }
      },
      "required": [
        "parameterId",
        "name",
        "variableType"
      ],
      "additionalProperties": false
    },
    "v2.problem.NonVoidFunctionSignature": {
      "type": "object",
      "properties": {
        "parameters": {
          "type": "array",
          "items": {
            "$ref": "#/definitions/v2.problem.Parameter"
          },
          "title": "parameters"
        },
        "returnType": {
          "$ref": "#/definitions/commons.VariableType",
          "title": "returnType"
        }
      },
      "required": [
        "parameters",
        "returnType"
      ],
      "additionalProperties": false
    },
    "v2.problem.FileInfoV2": {
      "type": "object",
      "properties": {
        "filename": {
          "type": "string",
          "title": "filename"
        },
        "directory": {
          "type": "string",
          "title": "directory"
        },
        "contents": {
          "type": "string",
          "title": "contents"
        },
        "editable": {
          "type": "boolean",
          "title": "editable"
        }
      },
      "required": [
        "filename",
        "directory",
        "contents",
        "editable"
      ],
      "additionalProperties": false
    },
    "v2.problem.Files": {
      "type": "object",
      "properties": {
        "files": {
          "type": "array",
          "items": {
            "$ref": "#/definitions/v2.problem.FileInfoV2"
          },
          "title": "files"
        }
      },
      "required": [
        "files"
      ],
      "additionalProperties": false
    },
    "v2.problem.TestCaseTemplateId": {
      "type": "string"
    },
    "v2.problem.TestCaseImplementationDescriptionBoard": {
      "type": "object",
      "properties": {
        "type": {
          "type": "string",
          "enum": [
            "html",
            "paramId"
          ]
        }
      },
      "required": [
        "type"
      ],
      "oneOf": [
        {
          "properties": {
            "type": {
              "const": "html"
            },
            "value": {
              "type": "string"
            }
          },
          "required": [
            "type"
          ]
        },
        {
          "properties": {
            "type": {
              "const": "paramId"
            },
            "value": {
              "$ref": "#/definitions/v2.problem.ParameterId"
            }
          },
          "required": [
            "type"
          ]
        }
      ]
    },
    "v2.problem.TestCaseImplementationDescription": {
      "type": "object",
      "properties": {
        "boards": {
          "type": "array",
          "items": {
            "$ref": "#/definitions/v2.problem.TestCaseImplementationDescriptionBoard"
          },
          "title": "boards"
        }
      },
      "required": [
        "boards"
      ],
      "additionalProperties": false
    },
    "v2.problem.BasicTestCaseTemplate": {
      "type": "object",
      "properties": {
        "templateId": {
          "$ref": "#/definitions/v2.problem.TestCaseTemplateId",
          "title": "templateId"
        },
        "name": {
          "type": "string",
          "title": "name"
        },
        "description": {
          "$ref": "#/definitions/v2.problem.TestCaseImplementationDescription",
          "title": "description"
        },
        "expectedValueParameterId": {
          "$ref": "#/definitions/v2.problem.ParameterId",
          "title": "expectedValueParameterId"
        }
      },
      "required": [
        "templateId",
        "name",
        "description",
        "expectedValueParameterId"
      ],
      "additionalProperties": false
    }
  }
}