{
  "type": "object",
  "properties": {
    "template": {
      "oneOf": [
        {
          "$ref": "#/definitions/v2.problem.TestCaseTemplate"
        },
        {
          "type": "null"
        }
      ],
      "title": "template"
    },
    "testCase": {
      "$ref": "#/definitions/v2.problem.TestCaseV2",
      "title": "testCase"
    }
  },
  "required": [
    "testCase"
  ],
  "additionalProperties": false,
  "definitions": {
    "v2.problem.TestCaseTemplateId": {
      "type": "string"
    },
    "v2.problem.ParameterId": {
      "type": "string"
    },
    "v2.problem.TestCaseImplementationDescriptionBoard": {
      "type": "object",
      "properties": {
        "type": {
          "type": "string",
          "enum": [
            "html",
            "paramId"
          ]
        }
      },
      "required": [
        "type"
      ],
      "oneOf": [
        {
          "properties": {
            "type": {
              "const": "html"
            },
            "value": {
              "type": "string"
            }
          },
          "required": [
            "type"
          ]
        },
        {
          "properties": {
            "type": {
              "const": "paramId"
            },
            "value": {
              "$ref": "#/definitions/v2.problem.ParameterId"
            }
          },
          "required": [
            "type"
          ]
        }
      ]
    },
    "v2.problem.TestCaseImplementationDescription": {
      "type": "object",
      "properties": {
        "boards": {
          "type": "array",
          "items": {
            "$ref": "#/definitions/v2.problem.TestCaseImplementationDescriptionBoard"
          },
          "title": "boards"
        }
      },
      "required": [
        "boards"
      ],
      "additionalProperties": false
    },
    "commons.VariableType": {
      "type": "object",
      "properties": {
        "type": {
          "type": "string",
          "enum": [
            "integerType",
            "doubleType",
            "booleanType",
            "stringType",
            "charType",
            "listType",
            "mapType",
            "binaryTreeType",
            "singlyLinkedListType",
            "doublyLinkedListType"
          ]
        }
      },
      "required": [
        "type"
      ],
      "oneOf": [
        {
          "properties": {
            "type": {
              "const": "integerType"
            }
          },
          "required": [
            "type"
          ]
        },
        {
          "properties": {
            "type": {
              "const": "doubleType"
            }
          },
          "required": [
            "type"
          ]
        },
        {
          "properties": {
            "type": {
              "const": "booleanType"
            }
          },
          "required": [
            "type"
          ]
        },
        {
          "properties": {
            "type": {
              "const": "stringType"
            }
          },
          "required": [
            "type"
          ]
        },
        {
          "properties": {
            "type": {
              "const": "charType"
            }
          },
          "required": [
            "type"
          ]
        },
        {
          "properties": {
            "type": {
              "const": "listType"
            },
            "valueType": {
              "$ref": "#/definitions/commons.VariableType",
              "title": "valueType"
            },
            "isFixedLength": {
              "oneOf": [
                {
                  "type": "boolean"
                },
                {
                  "type": "null"
                }
              ],
              "title": "isFixedLength",
              "description": "Whether this list is fixed-size (for languages that supports fixed-size lists). Defaults to false."
            }
          },
          "required": [
            "type",
            "valueType"
          ]
        },
        {
          "properties": {
            "type": {
              "const": "mapType"
            },
            "keyType": {
              "$ref": "#/definitions/commons.VariableType",
              "title": "keyType"
            },
            "valueType": {
              "$ref": "#/definitions/commons.VariableType",
              "title": "valueType"
            }
          },
          "required": [
            "type",
            "keyType",
            "valueType"
          ]
        },
        {
          "properties": {
            "type": {
              "const": "binaryTreeType"
            }
          },
          "required": [
            "type"
          ]
        },
        {
          "properties": {
            "type": {
              "const": "singlyLinkedListType"
            }
          },
          "required": [
            "type"
          ]
        },
        {
          "properties": {
            "type": {
              "const": "doublyLinkedListType"
            }
          },
          "required": [
            "type"
          ]
        }
      ]
    },
    "v2.problem.Parameter": {
      "type": "object",
      "properties": {
        "parameterId": {
          "$ref": "#/definitions/v2.problem.ParameterId",
          "title": "parameterId"
        },
        "name": {
          "type": "string",
          "title": "name"
        },
        "variableType": {
          "$ref": "#/definitions/commons.VariableType",
          "title": "variableType"
        }
      },
      "required": [
        "parameterId",
        "name",
        "variableType"
      ],
      "additionalProperties": false
    },
    "v2.problem.NonVoidFunctionSignature": {
      "type": "object",
      "properties": {
        "parameters": {
          "type": "array",
          "items": {
            "$ref": "#/definitions/v2.problem.Parameter"
          },
          "title": "parameters"
        },
        "returnType": {
          "$ref": "#/definitions/commons.VariableType",
          "title": "returnType"
        }
      },
      "required": [
        "parameters",
        "returnType"
      ],
      "additionalProperties": false
    },
    "v2.problem.FunctionImplementation": {
      "type": "object",
      "properties": {
        "impl": {
          "type": "string",
          "title": "impl"
        },
        "imports": {
          "oneOf": [
            {
              "type": "string"
            },
            {
              "type": "null"
            }
          ],
          "title": "imports"
        }
      },
      "required": [
        "impl"
      ],
      "additionalProperties": false
    },
    "v2.problem.FunctionImplementationForMultipleLanguages": {
      "type": "object",
      "properties": {
        "codeByLanguage": {
          "type": "object",
          "additionalProperties": {
            "$ref": "#/definitions/v2.problem.FunctionImplementation"
          },
          "title": "codeByLanguage"
        }
      },
      "required": [
        "codeByLanguage"
      ],
      "additionalProperties": false
    },
    "v2.problem.NonVoidFunctionDefinition": {
      "type": "object",
      "properties": {
        "signature": {
          "$ref": "#/definitions/v2.problem.NonVoidFunctionSignature",
          "title": "signature"
        },
        "code": {
          "$ref": "#/definitions/v2.problem.FunctionImplementationForMultipleLanguages",
          "title": "code"
        }
      },
      "required": [
        "signature",
        "code"
      ],
      "additionalProperties": false
    },
    "v2.problem.AssertCorrectnessCheck": {
      "type": "object",
      "properties": {
        "type": {
          "type": "string",
          "enum": [
            "deepEquality",
            "custom"
          ]
        }
      },
      "required": [
        "type"
      ],
      "oneOf": [
        {
          "properties": {
            "type": {
              "const": "deepEquality"
            },
            "expectedValueParameterId": {
              "$ref": "#/definitions/v2.problem.ParameterId",
              "title": "expectedValueParameterId"
            }
          },
          "required": [
            "type",
            "expectedValueParameterId"
          ]
        },
        {
          "properties": {
            "type": {
              "const": "custom"
            },
            "additionalParameters": {
              "type": "array",
              "items": {
                "$ref": "#/definitions/v2.problem.Parameter"
              },
              "title": "additionalParameters"
            },
            "code": {
              "$ref": "#/definitions/v2.problem.FunctionImplementationForMultipleLanguages",
              "title": "code"
            }
          },
          "required": [
            "type",
            "additionalParameters",
            "code"
          ]
        }
      ]
    },
    "v2.problem.TestCaseFunction": {
      "type": "object",
      "properties": {
        "type": {
          "type": "string",
          "enum": [
            "withActualResult",
            "custom"
          ]
        }
      },
      "required": [
        "type"
      ],
      "oneOf": [
        {
          "properties": {
            "type": {
              "const": "withActualResult"
            },
            "getActualResult": {
              "$ref": "#/definitions/v2.problem.NonVoidFunctionDefinition",
              "title": "getActualResult"
            },
            "assertCorrectnessCheck": {
              "$ref": "#/definitions/v2.problem.AssertCorrectnessCheck",
              "title": "assertCorrectnessCheck"
            }
          },
          "required": [
            "type",
            "getActualResult",
            "assertCorrectnessCheck"
          ]
        },
        {
          "properties": {
            "type": {
              "const": "custom"
            },
            "parameters": {
              "type": "array",
              "items": {
                "$ref": "#/definitions/v2.problem.Parameter"
              },
              "title": "parameters"
            },
            "code": {
              "$ref": "#/definitions/v2.problem.FunctionImplementationForMultipleLanguages",
              "title": "code"
            }
          },
          "required": [
            "type",
            "parameters",
            "code"
          ]
        }
      ]
    },
    "v2.problem.TestCaseImplementation": {
      "type": "object",
      "properties": {
        "description": {
          "$ref": "#/definitions/v2.problem.TestCaseImplementationDescription",
          "title": "description"
        },
        "function": {
          "$ref": "#/definitions/v2.problem.TestCaseFunction",
          "title": "function"
        }
      },
      "required": [
        "description",
        "function"
      ],
      "additionalProperties": false
    },
    "v2.problem.TestCaseTemplate": {
      "type": "object",
      "properties": {
        "templateId": {
          "$ref": "#/definitions/v2.problem.TestCaseTemplateId",
          "title": "templateId"
        },
        "name": {
          "type": "string",
          "title": "name"
        },
        "implementation": {
          "$ref": "#/definitions/v2.problem.TestCaseImplementation",
          "title": "implementation"
        }
      },
      "required": [
        "templateId",
        "name",
        "implementation"
      ],
      "additionalProperties": false
    },
    "v2.problem.TestCaseId": {
      "type": "string"
    },
    "v2.problem.TestCaseMetadata": {
      "type": "object",
      "properties": {
        "id": {
          "$ref": "#/definitions/v2.problem.TestCaseId",
          "title": "id"
        },
        "name": {
          "type": "string",
          "title": "name"
        },
        "hidden": {
          "type": "boolean",
          "title": "hidden"
        }
      },
      "required": [
        "id",
        "name",
        "hidden"
      ],
      "additionalProperties": false
    },
    "v2.problem.TestCaseImplementationReference": {
      "type": "object",
      "properties": {
        "type": {
          "type": "string",
          "enum": [
            "templateId",
            "implementation"
          ]
        }
      },
      "required": [
        "type"
      ],
      "oneOf": [
        {
          "properties": {
            "type": {
              "const": "templateId"
            },
            "value": {
              "$ref": "#/definitions/v2.problem.TestCaseTemplateId"
            }
          },
          "required": [
            "type"
          ]
        },
        {
          "properties": {
            "type": {
              "const": "implementation"
            },
            "description": {
              "$ref": "#/definitions/v2.problem.TestCaseImplementationDescription",
              "title": "description"
            },
            "function": {
              "$ref": "#/definitions/v2.problem.TestCaseFunction",
              "title": "function"
            }
          },
          "required": [
            "type",
            "description",
            "function"
          ]
        }
      ]
    },
    "commons.KeyValuePair": {
      "type": "object",
      "properties": {
        "key": {
          "$ref": "#/definitions/commons.VariableValue",
          "title": "key"
        },
        "value": {
          "$ref": "#/definitions/commons.VariableValue",
          "title": "value"
        }
      },
      "required": [
        "key",
        "value"
      ],
      "additionalProperties": false
    },
    "commons.NodeId": {
      "type": "string"
    },
    "commons.BinaryTreeNodeValue": {
      "type": "object",
      "properties": {
        "nodeId": {
          "$ref": "#/definitions/commons.NodeId",
          "title": "nodeId"
        },
        "val": {
          "type": "number",
          "title": "val"
        },
        "right": {
          "oneOf": [
            {
              "$ref": "#/definitions/commons.NodeId"
            },
            {
              "type": "null"
            }
          ],
          "title": "right"
        },
        "left": {
          "oneOf": [
            {
              "$ref": "#/definitions/commons.NodeId"
            },
            {
              "type": "null"
            }
          ],
          "title": "left"
        }
      },
      "required": [
        "nodeId",
        "val"
      ],
      "additionalProperties": false
    },
    "commons.SinglyLinkedListNodeValue": {
      "type": "object",
      "properties": {
        "nodeId": {
          "$ref": "#/definitions/commons.NodeId",
          "title": "nodeId"
        },
        "val": {
          "type": "number",
          "title": "val"
        },
        "next": {
          "oneOf": [
            {
              "$ref": "#/definitions/commons.NodeId"
            },
            {
              "type": "null"
            }
          ],
          "title": "next"
        }
      },
      "required": [
        "nodeId",
        "val"
      ],
      "additionalProperties": false
    },
    "commons.DoublyLinkedListNodeValue": {
      "type": "object",
      "properties": {
        "nodeId": {
          "$ref": "#/definitions/commons.NodeId",
          "title": "nodeId"
        },
        "val": {
          "type": "number",
          "title": "val"
        },
        "next": {
          "oneOf": [
            {
              "$ref": "#/definitions/commons.NodeId"
            },
            {
              "type": "null"
            }
          ],
          "title": "next"
        },
        "prev": {
          "oneOf": [
            {
              "$ref": "#/definitions/commons.NodeId"
            },
            {
              "type": "null"
            }
          ],
          "title": "prev"
        }
      },
      "required": [
        "nodeId",
        "val"
      ],
      "additionalProperties": false
    },
    "commons.VariableValue": {
      "type": "object",
      "properties": {
        "type": {
          "type": "string",
          "enum": [
            "integerValue",
            "booleanValue",
            "doubleValue",
            "stringValue",
            "charValue",
            "mapValue",
            "listValue",
            "binaryTreeValue",
            "singlyLinkedListValue",
            "doublyLinkedListValue",
            "nullValue"
          ]
        }
      },
      "required": [
        "type"
      ],
      "oneOf": [
        {
          "properties": {
            "type": {
              "const": "integerValue"
            },
            "value": {
              "type": "integer"
            }
          },
          "required": [
            "type"
          ]
        },
        {
          "properties": {
            "type": {
              "const": "booleanValue"
            },
            "value": {
              "type": "boolean"
            }
          },
          "required": [
            "type"
          ]
        },
        {
          "properties": {
            "type": {
              "const": "doubleValue"
            },
            "value": {
              "type": "number"
            }
          },
          "required": [
            "type"
          ]
        },
        {
          "properties": {
            "type": {
              "const": "stringValue"
            },
            "value": {
              "type": "string"
            }
          },
          "required": [
            "type"
          ]
        },
        {
          "properties": {
            "type": {
              "const": "charValue"
            },
            "value": {
              "type": "string"
            }
          },
          "required": [
            "type"
          ]
        },
        {
          "properties": {
            "type": {
              "const": "mapValue"
            },
            "keyValuePairs": {
              "type": "array",
              "items": {
                "$ref": "#/definitions/commons.KeyValuePair"
              },
              "title": "keyValuePairs"
            }
          },
          "required": [
            "type",
            "keyValuePairs"
          ]
        },
        {
          "properties": {
            "type": {
              "const": "listValue"
            },
            "value": {
              "type": "array",
              "items": {
                "$ref": "#/definitions/commons.VariableValue"
              }
            }
          },
          "required": [
            "type"
          ]
        },
        {
          "properties": {
            "type": {
              "const": "binaryTreeValue"
            },
            "root": {
              "oneOf": [
                {
                  "$ref": "#/definitions/commons.NodeId"
                },
                {
                  "type": "null"
                }
              ],
              "title": "root"
            },
            "nodes": {
              "type": "object",
              "additionalProperties": {
                "$ref": "#/definitions/commons.BinaryTreeNodeValue"
              },
              "title": "nodes"
            }
          },
          "required": [
            "type",
            "nodes"
          ]
        },
        {
          "properties": {
            "type": {
              "const": "singlyLinkedListValue"
            },
            "head": {
              "oneOf": [
                {
                  "$ref": "#/definitions/commons.NodeId"
                },
                {
                  "type": "null"
                }
              ],
              "title": "head"
            },
            "nodes": {
              "type": "object",
              "additionalProperties": {
                "$ref": "#/definitions/commons.SinglyLinkedListNodeValue"
              },
              "title": "nodes"
            }
          },
          "required": [
            "type",
            "nodes"
          ]
        },
        {
          "properties": {
            "type": {
              "const": "doublyLinkedListValue"
            },
            "head": {
              "oneOf": [
                {
                  "$ref": "#/definitions/commons.NodeId"
                },
                {
                  "type": "null"
                }
              ],
              "title": "head"
            },
            "nodes": {
              "type": "object",
              "additionalProperties": {
                "$ref": "#/definitions/commons.DoublyLinkedListNodeValue"
              },
              "title": "nodes"
            }
          },
          "required": [
            "type",
            "nodes"
          ]
        },
        {
          "properties": {
            "type": {
              "const": "nullValue"
            }
          },
          "required": [
            "type"
          ]
        }
      ]
    },
    "v2.problem.TestCaseExpects": {
      "type": "object",
      "properties": {
        "expectedStdout": {
          "oneOf": [
            {
              "type": "string"
            },
            {
              "type": "null"
            }
          ],
          "title": "expectedStdout"
        }
      },
      "additionalProperties": false
    },
    "v2.problem.TestCaseV2": {
      "type": "object",
      "properties": {
        "metadata": {
          "$ref": "#/definitions/v2.problem.TestCaseMetadata",
          "title": "metadata"
        },
        "implementation": {
          "$ref": "#/definitions/v2.problem.TestCaseImplementationReference",
          "title": "implementation"
        },
        "arguments": {
          "type": "object",
          "additionalProperties": {
            "$ref": "#/definitions/commons.VariableValue"
          },
          "title": "arguments"
        },
        "expects": {
          "oneOf": [
            {
              "$ref": "#/definitions/v2.problem.TestCaseExpects"
            },
            {
              "type": "null"
            }
          ],
          "title": "expects"
        }
      },
      "required": [
        "metadata",
        "implementation",
        "arguments"
      ],
      "additionalProperties": false
    }
  }
}